com/restaurant/queue/controller/TableController.class
com/restaurant/queue/service/TableService.class
com/restaurant/queue/pattern/strategy/VipPriorityStrategy.class
com/restaurant/queue/controller/QueueController.class
com/restaurant/queue/controller/ReservationController$BookReservationRequest.class
com/restaurant/queue/model/Reservation.class
com/restaurant/queue/repository/TableRepository.class
com/restaurant/queue/RestaurantQueueApplication.class
com/restaurant/queue/pattern/state/OccupiedState.class
com/restaurant/queue/pattern/observer/NotificationObserver.class
com/restaurant/queue/pattern/factory/TableFactory.class
com/restaurant/queue/pattern/state/TableStateContext.class
com/restaurant/queue/service/CustomerService.class
com/restaurant/queue/controller/ReservationController.class
com/restaurant/queue/controller/CustomerController.class
com/restaurant/queue/controller/QueueController$JoinQueueRequest.class
com/restaurant/queue/repository/CustomerRepository.class
com/restaurant/queue/model/Customer.class
com/restaurant/queue/pattern/observer/NotificationSubject.class
com/restaurant/queue/model/RestaurantTable.class
com/restaurant/queue/model/ReservationStatus.class
com/restaurant/queue/pattern/strategy/SmallestSuitableTableStrategy.class
com/restaurant/queue/controller/QueueController$AllocateRequest.class
com/restaurant/queue/repository/ReservationRepository.class
com/restaurant/queue/repository/QueueRepository.class
com/restaurant/queue/service/QueueService.class
com/restaurant/queue/pattern/state/TableStateContext$1.class
com/restaurant/queue/service/ReservationService.class
com/restaurant/queue/controller/CustomerController$CreateCustomerRequest.class
com/restaurant/queue/pattern/observer/EmailNotificationObserver.class
com/restaurant/queue/pattern/state/TableState.class
com/restaurant/queue/model/QueueEntry.class
com/restaurant/queue/model/TableType.class
com/restaurant/queue/pattern/strategy/FirstComeFirstServeStrategy.class
com/restaurant/queue/pattern/observer/SmsNotificationObserver.class
com/restaurant/queue/pattern/state/AvailableState.class
com/restaurant/queue/pattern/state/CleaningState.class
com/restaurant/queue/pattern/state/ReservedState.class
com/restaurant/queue/pattern/factory/TableFactory$1.class
com/restaurant/queue/model/QueueStatus.class
com/restaurant/queue/controller/TableController$CreateTableRequest.class
com/restaurant/queue/pattern/strategy/TableAllocationStrategy.class
com/restaurant/queue/model/TableStatus.class
