/home/ubuntu/Downloads/Design_pattern_project/src/main/java/com/restaurant/queue/RestaurantQueueApplication.java
/home/ubuntu/Downloads/Design_pattern_project/src/main/java/com/restaurant/queue/controller/CustomerController.java
/home/ubuntu/Downloads/Design_pattern_project/src/main/java/com/restaurant/queue/controller/QueueController.java
/home/ubuntu/Downloads/Design_pattern_project/src/main/java/com/restaurant/queue/controller/ReservationController.java
/home/ubuntu/Downloads/Design_pattern_project/src/main/java/com/restaurant/queue/controller/TableController.java
/home/ubuntu/Downloads/Design_pattern_project/src/main/java/com/restaurant/queue/model/Customer.java
/home/ubuntu/Downloads/Design_pattern_project/src/main/java/com/restaurant/queue/model/QueueEntry.java
/home/ubuntu/Downloads/Design_pattern_project/src/main/java/com/restaurant/queue/model/QueueStatus.java
/home/ubuntu/Downloads/Design_pattern_project/src/main/java/com/restaurant/queue/model/Reservation.java
/home/ubuntu/Downloads/Design_pattern_project/src/main/java/com/restaurant/queue/model/ReservationStatus.java
/home/ubuntu/Downloads/Design_pattern_project/src/main/java/com/restaurant/queue/model/RestaurantTable.java
/home/ubuntu/Downloads/Design_pattern_project/src/main/java/com/restaurant/queue/model/TableStatus.java
/home/ubuntu/Downloads/Design_pattern_project/src/main/java/com/restaurant/queue/model/TableType.java
/home/ubuntu/Downloads/Design_pattern_project/src/main/java/com/restaurant/queue/pattern/factory/TableFactory.java
/home/ubuntu/Downloads/Design_pattern_project/src/main/java/com/restaurant/queue/pattern/observer/EmailNotificationObserver.java
/home/ubuntu/Downloads/Design_pattern_project/src/main/java/com/restaurant/queue/pattern/observer/NotificationObserver.java
/home/ubuntu/Downloads/Design_pattern_project/src/main/java/com/restaurant/queue/pattern/observer/NotificationSubject.java
/home/ubuntu/Downloads/Design_pattern_project/src/main/java/com/restaurant/queue/pattern/observer/SmsNotificationObserver.java
/home/ubuntu/Downloads/Design_pattern_project/src/main/java/com/restaurant/queue/pattern/state/AvailableState.java
/home/ubuntu/Downloads/Design_pattern_project/src/main/java/com/restaurant/queue/pattern/state/CleaningState.java
/home/ubuntu/Downloads/Design_pattern_project/src/main/java/com/restaurant/queue/pattern/state/OccupiedState.java
/home/ubuntu/Downloads/Design_pattern_project/src/main/java/com/restaurant/queue/pattern/state/ReservedState.java
/home/ubuntu/Downloads/Design_pattern_project/src/main/java/com/restaurant/queue/pattern/state/TableState.java
/home/ubuntu/Downloads/Design_pattern_project/src/main/java/com/restaurant/queue/pattern/state/TableStateContext.java
/home/ubuntu/Downloads/Design_pattern_project/src/main/java/com/restaurant/queue/pattern/strategy/FirstComeFirstServeStrategy.java
/home/ubuntu/Downloads/Design_pattern_project/src/main/java/com/restaurant/queue/pattern/strategy/SmallestSuitableTableStrategy.java
/home/ubuntu/Downloads/Design_pattern_project/src/main/java/com/restaurant/queue/pattern/strategy/TableAllocationStrategy.java
/home/ubuntu/Downloads/Design_pattern_project/src/main/java/com/restaurant/queue/pattern/strategy/VipPriorityStrategy.java
/home/ubuntu/Downloads/Design_pattern_project/src/main/java/com/restaurant/queue/repository/CustomerRepository.java
/home/ubuntu/Downloads/Design_pattern_project/src/main/java/com/restaurant/queue/repository/QueueRepository.java
/home/ubuntu/Downloads/Design_pattern_project/src/main/java/com/restaurant/queue/repository/ReservationRepository.java
/home/ubuntu/Downloads/Design_pattern_project/src/main/java/com/restaurant/queue/repository/TableRepository.java
/home/ubuntu/Downloads/Design_pattern_project/src/main/java/com/restaurant/queue/service/CustomerService.java
/home/ubuntu/Downloads/Design_pattern_project/src/main/java/com/restaurant/queue/service/QueueService.java
/home/ubuntu/Downloads/Design_pattern_project/src/main/java/com/restaurant/queue/service/ReservationService.java
/home/ubuntu/Downloads/Design_pattern_project/src/main/java/com/restaurant/queue/service/TableService.java
